// Jest Snapshot v1, https://goo.gl/fbAQLP

exports[`should match snapshot 1`] = `
<DocumentFragment>
  .c0 {
  width: 100%;
  min-width: 44px;
  height: 44px;
  background-color: var(--secondary);
  border-radius: 4px;
  color: var(--primary);
  font-size: 18px;
  font-weight: 500;
  cursor: pointer;
}

<button
    class="c0"
  >
    Button
  </button>
</DocumentFragment>
`;
